Copyright 1986-2018 Xilinx, Inc. All Rights Reserved.
--------------------------------------------------------------------------------------------------------------------------------------------------------------------------------------
| Tool Version : Vivado v.2018.2 (win64) Build 2258646 Thu Jun 14 20:03:12 MDT 2018
| Date         : Wed Apr 22 02:23:07 2020
| Host         : DESKTOP-9CHGBR2 running 64-bit major release  (build 9200)
| Command      : report_methodology -file design_1_wrapper_methodology_drc_routed.rpt -pb design_1_wrapper_methodology_drc_routed.pb -rpx design_1_wrapper_methodology_drc_routed.rpx
| Design       : design_1_wrapper
| Device       : xc7z010clg400-1
| Speed File   : -1
| Design State : Routed
--------------------------------------------------------------------------------------------------------------------------------------------------------------------------------------

Report Methodology

Table of Contents
-----------------
1. REPORT SUMMARY
2. REPORT DETAILS

1. REPORT SUMMARY
-----------------
            Netlist: netlist
          Floorplan: design_1
      Design limits: <entire design considered>
             Max violations: <unlimited>
             Violations found: 274
+-----------+----------+-----------------------------+------------+
| Rule      | Severity | Description                 | Violations |
+-----------+----------+-----------------------------+------------+
| TIMING-17 | Warning  | Non-clocked sequential cell | 146        |
| TIMING-23 | Warning  | Combinational loop found    | 128        |
+-----------+----------+-----------------------------+------------+

2. REPORT DETAILS
-----------------
TIMING-17#1 Warning
Non-clocked sequential cell  
The clock pin design_1_i/ro_puf_0/inst/PUFResponse_reg[0]/C is not reached by a timing clock
Related violations: <none>

TIMING-17#2 Warning
Non-clocked sequential cell  
The clock pin design_1_i/ro_puf_0/inst/PUFResponse_reg[10]/C is not reached by a timing clock
Related violations: <none>

TIMING-17#3 Warning
Non-clocked sequential cell  
The clock pin design_1_i/ro_puf_0/inst/PUFResponse_reg[11]/C is not reached by a timing clock
Related violations: <none>

TIMING-17#4 Warning
Non-clocked sequential cell  
The clock pin design_1_i/ro_puf_0/inst/PUFResponse_reg[12]/C is not reached by a timing clock
Related violations: <none>

TIMING-17#5 Warning
Non-clocked sequential cell  
The clock pin design_1_i/ro_puf_0/inst/PUFResponse_reg[13]/C is not reached by a timing clock
Related violations: <none>

TIMING-17#6 Warning
Non-clocked sequential cell  
The clock pin design_1_i/ro_puf_0/inst/PUFResponse_reg[14]/C is not reached by a timing clock
Related violations: <none>

TIMING-17#7 Warning
Non-clocked sequential cell  
The clock pin design_1_i/ro_puf_0/inst/PUFResponse_reg[15]/C is not reached by a timing clock
Related violations: <none>

TIMING-17#8 Warning
Non-clocked sequential cell  
The clock pin design_1_i/ro_puf_0/inst/PUFResponse_reg[16]/C is not reached by a timing clock
Related violations: <none>

TIMING-17#9 Warning
Non-clocked sequential cell  
The clock pin design_1_i/ro_puf_0/inst/PUFResponse_reg[17]/C is not reached by a timing clock
Related violations: <none>

TIMING-17#10 Warning
Non-clocked sequential cell  
The clock pin design_1_i/ro_puf_0/inst/PUFResponse_reg[18]/C is not reached by a timing clock
Related violations: <none>

TIMING-17#11 Warning
Non-clocked sequential cell  
The clock pin design_1_i/ro_puf_0/inst/PUFResponse_reg[19]/C is not reached by a timing clock
Related violations: <none>

TIMING-17#12 Warning
Non-clocked sequential cell  
The clock pin design_1_i/ro_puf_0/inst/PUFResponse_reg[1]/C is not reached by a timing clock
Related violations: <none>

TIMING-17#13 Warning
Non-clocked sequential cell  
The clock pin design_1_i/ro_puf_0/inst/PUFResponse_reg[20]/C is not reached by a timing clock
Related violations: <none>

TIMING-17#14 Warning
Non-clocked sequential cell  
The clock pin design_1_i/ro_puf_0/inst/PUFResponse_reg[21]/C is not reached by a timing clock
Related violations: <none>

TIMING-17#15 Warning
Non-clocked sequential cell  
The clock pin design_1_i/ro_puf_0/inst/PUFResponse_reg[22]/C is not reached by a timing clock
Related violations: <none>

TIMING-17#16 Warning
Non-clocked sequential cell  
The clock pin design_1_i/ro_puf_0/inst/PUFResponse_reg[23]/C is not reached by a timing clock
Related violations: <none>

TIMING-17#17 Warning
Non-clocked sequential cell  
The clock pin design_1_i/ro_puf_0/inst/PUFResponse_reg[24]/C is not reached by a timing clock
Related violations: <none>

TIMING-17#18 Warning
Non-clocked sequential cell  
The clock pin design_1_i/ro_puf_0/inst/PUFResponse_reg[25]/C is not reached by a timing clock
Related violations: <none>

TIMING-17#19 Warning
Non-clocked sequential cell  
The clock pin design_1_i/ro_puf_0/inst/PUFResponse_reg[26]/C is not reached by a timing clock
Related violations: <none>

TIMING-17#20 Warning
Non-clocked sequential cell  
The clock pin design_1_i/ro_puf_0/inst/PUFResponse_reg[27]/C is not reached by a timing clock
Related violations: <none>

TIMING-17#21 Warning
Non-clocked sequential cell  
The clock pin design_1_i/ro_puf_0/inst/PUFResponse_reg[28]/C is not reached by a timing clock
Related violations: <none>

TIMING-17#22 Warning
Non-clocked sequential cell  
The clock pin design_1_i/ro_puf_0/inst/PUFResponse_reg[29]/C is not reached by a timing clock
Related violations: <none>

TIMING-17#23 Warning
Non-clocked sequential cell  
The clock pin design_1_i/ro_puf_0/inst/PUFResponse_reg[2]/C is not reached by a timing clock
Related violations: <none>

TIMING-17#24 Warning
Non-clocked sequential cell  
The clock pin design_1_i/ro_puf_0/inst/PUFResponse_reg[30]/C is not reached by a timing clock
Related violations: <none>

TIMING-17#25 Warning
Non-clocked sequential cell  
The clock pin design_1_i/ro_puf_0/inst/PUFResponse_reg[31]/C is not reached by a timing clock
Related violations: <none>

TIMING-17#26 Warning
Non-clocked sequential cell  
The clock pin design_1_i/ro_puf_0/inst/PUFResponse_reg[32]/C is not reached by a timing clock
Related violations: <none>

TIMING-17#27 Warning
Non-clocked sequential cell  
The clock pin design_1_i/ro_puf_0/inst/PUFResponse_reg[33]/C is not reached by a timing clock
Related violations: <none>

TIMING-17#28 Warning
Non-clocked sequential cell  
The clock pin design_1_i/ro_puf_0/inst/PUFResponse_reg[34]/C is not reached by a timing clock
Related violations: <none>

TIMING-17#29 Warning
Non-clocked sequential cell  
The clock pin design_1_i/ro_puf_0/inst/PUFResponse_reg[35]/C is not reached by a timing clock
Related violations: <none>

TIMING-17#30 Warning
Non-clocked sequential cell  
The clock pin design_1_i/ro_puf_0/inst/PUFResponse_reg[36]/C is not reached by a timing clock
Related violations: <none>

TIMING-17#31 Warning
Non-clocked sequential cell  
The clock pin design_1_i/ro_puf_0/inst/PUFResponse_reg[37]/C is not reached by a timing clock
Related violations: <none>

TIMING-17#32 Warning
Non-clocked sequential cell  
The clock pin design_1_i/ro_puf_0/inst/PUFResponse_reg[38]/C is not reached by a timing clock
Related violations: <none>

TIMING-17#33 Warning
Non-clocked sequential cell  
The clock pin design_1_i/ro_puf_0/inst/PUFResponse_reg[39]/C is not reached by a timing clock
Related violations: <none>

TIMING-17#34 Warning
Non-clocked sequential cell  
The clock pin design_1_i/ro_puf_0/inst/PUFResponse_reg[3]/C is not reached by a timing clock
Related violations: <none>

TIMING-17#35 Warning
Non-clocked sequential cell  
The clock pin design_1_i/ro_puf_0/inst/PUFResponse_reg[40]/C is not reached by a timing clock
Related violations: <none>

TIMING-17#36 Warning
Non-clocked sequential cell  
The clock pin design_1_i/ro_puf_0/inst/PUFResponse_reg[41]/C is not reached by a timing clock
Related violations: <none>

TIMING-17#37 Warning
Non-clocked sequential cell  
The clock pin design_1_i/ro_puf_0/inst/PUFResponse_reg[42]/C is not reached by a timing clock
Related violations: <none>

TIMING-17#38 Warning
Non-clocked sequential cell  
The clock pin design_1_i/ro_puf_0/inst/PUFResponse_reg[43]/C is not reached by a timing clock
Related violations: <none>

TIMING-17#39 Warning
Non-clocked sequential cell  
The clock pin design_1_i/ro_puf_0/inst/PUFResponse_reg[44]/C is not reached by a timing clock
Related violations: <none>

TIMING-17#40 Warning
Non-clocked sequential cell  
The clock pin design_1_i/ro_puf_0/inst/PUFResponse_reg[45]/C is not reached by a timing clock
Related violations: <none>

TIMING-17#41 Warning
Non-clocked sequential cell  
The clock pin design_1_i/ro_puf_0/inst/PUFResponse_reg[46]/C is not reached by a timing clock
Related violations: <none>

TIMING-17#42 Warning
Non-clocked sequential cell  
The clock pin design_1_i/ro_puf_0/inst/PUFResponse_reg[47]/C is not reached by a timing clock
Related violations: <none>

TIMING-17#43 Warning
Non-clocked sequential cell  
The clock pin design_1_i/ro_puf_0/inst/PUFResponse_reg[48]/C is not reached by a timing clock
Related violations: <none>

TIMING-17#44 Warning
Non-clocked sequential cell  
The clock pin design_1_i/ro_puf_0/inst/PUFResponse_reg[49]/C is not reached by a timing clock
Related violations: <none>

TIMING-17#45 Warning
Non-clocked sequential cell  
The clock pin design_1_i/ro_puf_0/inst/PUFResponse_reg[4]/C is not reached by a timing clock
Related violations: <none>

TIMING-17#46 Warning
Non-clocked sequential cell  
The clock pin design_1_i/ro_puf_0/inst/PUFResponse_reg[50]/C is not reached by a timing clock
Related violations: <none>

TIMING-17#47 Warning
Non-clocked sequential cell  
The clock pin design_1_i/ro_puf_0/inst/PUFResponse_reg[51]/C is not reached by a timing clock
Related violations: <none>

TIMING-17#48 Warning
Non-clocked sequential cell  
The clock pin design_1_i/ro_puf_0/inst/PUFResponse_reg[52]/C is not reached by a timing clock
Related violations: <none>

TIMING-17#49 Warning
Non-clocked sequential cell  
The clock pin design_1_i/ro_puf_0/inst/PUFResponse_reg[53]/C is not reached by a timing clock
Related violations: <none>

TIMING-17#50 Warning
Non-clocked sequential cell  
The clock pin design_1_i/ro_puf_0/inst/PUFResponse_reg[54]/C is not reached by a timing clock
Related violations: <none>

TIMING-17#51 Warning
Non-clocked sequential cell  
The clock pin design_1_i/ro_puf_0/inst/PUFResponse_reg[55]/C is not reached by a timing clock
Related violations: <none>

TIMING-17#52 Warning
Non-clocked sequential cell  
The clock pin design_1_i/ro_puf_0/inst/PUFResponse_reg[56]/C is not reached by a timing clock
Related violations: <none>

TIMING-17#53 Warning
Non-clocked sequential cell  
The clock pin design_1_i/ro_puf_0/inst/PUFResponse_reg[57]/C is not reached by a timing clock
Related violations: <none>

TIMING-17#54 Warning
Non-clocked sequential cell  
The clock pin design_1_i/ro_puf_0/inst/PUFResponse_reg[58]/C is not reached by a timing clock
Related violations: <none>

TIMING-17#55 Warning
Non-clocked sequential cell  
The clock pin design_1_i/ro_puf_0/inst/PUFResponse_reg[59]/C is not reached by a timing clock
Related violations: <none>

TIMING-17#56 Warning
Non-clocked sequential cell  
The clock pin design_1_i/ro_puf_0/inst/PUFResponse_reg[5]/C is not reached by a timing clock
Related violations: <none>

TIMING-17#57 Warning
Non-clocked sequential cell  
The clock pin design_1_i/ro_puf_0/inst/PUFResponse_reg[60]/C is not reached by a timing clock
Related violations: <none>

TIMING-17#58 Warning
Non-clocked sequential cell  
The clock pin design_1_i/ro_puf_0/inst/PUFResponse_reg[61]/C is not reached by a timing clock
Related violations: <none>

TIMING-17#59 Warning
Non-clocked sequential cell  
The clock pin design_1_i/ro_puf_0/inst/PUFResponse_reg[62]/C is not reached by a timing clock
Related violations: <none>

TIMING-17#60 Warning
Non-clocked sequential cell  
The clock pin design_1_i/ro_puf_0/inst/PUFResponse_reg[63]/C is not reached by a timing clock
Related violations: <none>

TIMING-17#61 Warning
Non-clocked sequential cell  
The clock pin design_1_i/ro_puf_0/inst/PUFResponse_reg[6]/C is not reached by a timing clock
Related violations: <none>

TIMING-17#62 Warning
Non-clocked sequential cell  
The clock pin design_1_i/ro_puf_0/inst/PUFResponse_reg[7]/C is not reached by a timing clock
Related violations: <none>

TIMING-17#63 Warning
Non-clocked sequential cell  
The clock pin design_1_i/ro_puf_0/inst/PUFResponse_reg[8]/C is not reached by a timing clock
Related violations: <none>

TIMING-17#64 Warning
Non-clocked sequential cell  
The clock pin design_1_i/ro_puf_0/inst/PUFResponse_reg[9]/C is not reached by a timing clock
Related violations: <none>

TIMING-17#65 Warning
Non-clocked sequential cell  
The clock pin design_1_i/ro_puf_0/inst/current_counter_reg[0]/C is not reached by a timing clock
Related violations: <none>

TIMING-17#66 Warning
Non-clocked sequential cell  
The clock pin design_1_i/ro_puf_0/inst/current_counter_reg[1]/C is not reached by a timing clock
Related violations: <none>

TIMING-17#67 Warning
Non-clocked sequential cell  
The clock pin design_1_i/ro_puf_0/inst/current_counter_reg[2]/C is not reached by a timing clock
Related violations: <none>

TIMING-17#68 Warning
Non-clocked sequential cell  
The clock pin design_1_i/ro_puf_0/inst/current_counter_reg[3]/C is not reached by a timing clock
Related violations: <none>

TIMING-17#69 Warning
Non-clocked sequential cell  
The clock pin design_1_i/ro_puf_0/inst/current_counter_reg[4]/C is not reached by a timing clock
Related violations: <none>

TIMING-17#70 Warning
Non-clocked sequential cell  
The clock pin design_1_i/ro_puf_0/inst/current_counter_reg[5]/C is not reached by a timing clock
Related violations: <none>

TIMING-17#71 Warning
Non-clocked sequential cell  
The clock pin design_1_i/ro_puf_0/inst/old_counter_reg[0]/C is not reached by a timing clock
Related violations: <none>

TIMING-17#72 Warning
Non-clocked sequential cell  
The clock pin design_1_i/ro_puf_0/inst/old_counter_reg[1]/C is not reached by a timing clock
Related violations: <none>

TIMING-17#73 Warning
Non-clocked sequential cell  
The clock pin design_1_i/ro_puf_0/inst/old_counter_reg[2]/C is not reached by a timing clock
Related violations: <none>

TIMING-17#74 Warning
Non-clocked sequential cell  
The clock pin design_1_i/ro_puf_0/inst/old_counter_reg[3]/C is not reached by a timing clock
Related violations: <none>

TIMING-17#75 Warning
Non-clocked sequential cell  
The clock pin design_1_i/ro_puf_0/inst/old_counter_reg[4]/C is not reached by a timing clock
Related violations: <none>

TIMING-17#76 Warning
Non-clocked sequential cell  
The clock pin design_1_i/ro_puf_0/inst/old_counter_reg[5]/C is not reached by a timing clock
Related violations: <none>

TIMING-17#77 Warning
Non-clocked sequential cell  
The clock pin design_1_i/ro_puf_0/inst/rocounter1_reg[0]/C is not reached by a timing clock
Related violations: <none>

TIMING-17#78 Warning
Non-clocked sequential cell  
The clock pin design_1_i/ro_puf_0/inst/rocounter1_reg[10]/C is not reached by a timing clock
Related violations: <none>

TIMING-17#79 Warning
Non-clocked sequential cell  
The clock pin design_1_i/ro_puf_0/inst/rocounter1_reg[11]/C is not reached by a timing clock
Related violations: <none>

TIMING-17#80 Warning
Non-clocked sequential cell  
The clock pin design_1_i/ro_puf_0/inst/rocounter1_reg[12]/C is not reached by a timing clock
Related violations: <none>

TIMING-17#81 Warning
Non-clocked sequential cell  
The clock pin design_1_i/ro_puf_0/inst/rocounter1_reg[13]/C is not reached by a timing clock
Related violations: <none>

TIMING-17#82 Warning
Non-clocked sequential cell  
The clock pin design_1_i/ro_puf_0/inst/rocounter1_reg[14]/C is not reached by a timing clock
Related violations: <none>

TIMING-17#83 Warning
Non-clocked sequential cell  
The clock pin design_1_i/ro_puf_0/inst/rocounter1_reg[15]/C is not reached by a timing clock
Related violations: <none>

TIMING-17#84 Warning
Non-clocked sequential cell  
The clock pin design_1_i/ro_puf_0/inst/rocounter1_reg[16]/C is not reached by a timing clock
Related violations: <none>

TIMING-17#85 Warning
Non-clocked sequential cell  
The clock pin design_1_i/ro_puf_0/inst/rocounter1_reg[17]/C is not reached by a timing clock
Related violations: <none>

TIMING-17#86 Warning
Non-clocked sequential cell  
The clock pin design_1_i/ro_puf_0/inst/rocounter1_reg[18]/C is not reached by a timing clock
Related violations: <none>

TIMING-17#87 Warning
Non-clocked sequential cell  
The clock pin design_1_i/ro_puf_0/inst/rocounter1_reg[19]/C is not reached by a timing clock
Related violations: <none>

TIMING-17#88 Warning
Non-clocked sequential cell  
The clock pin design_1_i/ro_puf_0/inst/rocounter1_reg[1]/C is not reached by a timing clock
Related violations: <none>

TIMING-17#89 Warning
Non-clocked sequential cell  
The clock pin design_1_i/ro_puf_0/inst/rocounter1_reg[20]/C is not reached by a timing clock
Related violations: <none>

TIMING-17#90 Warning
Non-clocked sequential cell  
The clock pin design_1_i/ro_puf_0/inst/rocounter1_reg[21]/C is not reached by a timing clock
Related violations: <none>

TIMING-17#91 Warning
Non-clocked sequential cell  
The clock pin design_1_i/ro_puf_0/inst/rocounter1_reg[22]/C is not reached by a timing clock
Related violations: <none>

TIMING-17#92 Warning
Non-clocked sequential cell  
The clock pin design_1_i/ro_puf_0/inst/rocounter1_reg[23]/C is not reached by a timing clock
Related violations: <none>

TIMING-17#93 Warning
Non-clocked sequential cell  
The clock pin design_1_i/ro_puf_0/inst/rocounter1_reg[24]/C is not reached by a timing clock
Related violations: <none>

TIMING-17#94 Warning
Non-clocked sequential cell  
The clock pin design_1_i/ro_puf_0/inst/rocounter1_reg[25]/C is not reached by a timing clock
Related violations: <none>

TIMING-17#95 Warning
Non-clocked sequential cell  
The clock pin design_1_i/ro_puf_0/inst/rocounter1_reg[26]/C is not reached by a timing clock
Related violations: <none>

TIMING-17#96 Warning
Non-clocked sequential cell  
The clock pin design_1_i/ro_puf_0/inst/rocounter1_reg[27]/C is not reached by a timing clock
Related violations: <none>

TIMING-17#97 Warning
Non-clocked sequential cell  
The clock pin design_1_i/ro_puf_0/inst/rocounter1_reg[28]/C is not reached by a timing clock
Related violations: <none>

TIMING-17#98 Warning
Non-clocked sequential cell  
The clock pin design_1_i/ro_puf_0/inst/rocounter1_reg[29]/C is not reached by a timing clock
Related violations: <none>

TIMING-17#99 Warning
Non-clocked sequential cell  
The clock pin design_1_i/ro_puf_0/inst/rocounter1_reg[2]/C is not reached by a timing clock
Related violations: <none>

TIMING-17#100 Warning
Non-clocked sequential cell  
The clock pin design_1_i/ro_puf_0/inst/rocounter1_reg[30]/C is not reached by a timing clock
Related violations: <none>

TIMING-17#101 Warning
Non-clocked sequential cell  
The clock pin design_1_i/ro_puf_0/inst/rocounter1_reg[31]/C is not reached by a timing clock
Related violations: <none>

TIMING-17#102 Warning
Non-clocked sequential cell  
The clock pin design_1_i/ro_puf_0/inst/rocounter1_reg[3]/C is not reached by a timing clock
Related violations: <none>

TIMING-17#103 Warning
Non-clocked sequential cell  
The clock pin design_1_i/ro_puf_0/inst/rocounter1_reg[4]/C is not reached by a timing clock
Related violations: <none>

TIMING-17#104 Warning
Non-clocked sequential cell  
The clock pin design_1_i/ro_puf_0/inst/rocounter1_reg[5]/C is not reached by a timing clock
Related violations: <none>

TIMING-17#105 Warning
Non-clocked sequential cell  
The clock pin design_1_i/ro_puf_0/inst/rocounter1_reg[6]/C is not reached by a timing clock
Related violations: <none>

TIMING-17#106 Warning
Non-clocked sequential cell  
The clock pin design_1_i/ro_puf_0/inst/rocounter1_reg[7]/C is not reached by a timing clock
Related violations: <none>

TIMING-17#107 Warning
Non-clocked sequential cell  
The clock pin design_1_i/ro_puf_0/inst/rocounter1_reg[8]/C is not reached by a timing clock
Related violations: <none>

TIMING-17#108 Warning
Non-clocked sequential cell  
The clock pin design_1_i/ro_puf_0/inst/rocounter1_reg[9]/C is not reached by a timing clock
Related violations: <none>

TIMING-17#109 Warning
Non-clocked sequential cell  
The clock pin design_1_i/ro_puf_0/inst/rocounter2_reg[0]/C is not reached by a timing clock
Related violations: <none>

TIMING-17#110 Warning
Non-clocked sequential cell  
The clock pin design_1_i/ro_puf_0/inst/rocounter2_reg[10]/C is not reached by a timing clock
Related violations: <none>

TIMING-17#111 Warning
Non-clocked sequential cell  
The clock pin design_1_i/ro_puf_0/inst/rocounter2_reg[11]/C is not reached by a timing clock
Related violations: <none>

TIMING-17#112 Warning
Non-clocked sequential cell  
The clock pin design_1_i/ro_puf_0/inst/rocounter2_reg[12]/C is not reached by a timing clock
Related violations: <none>

TIMING-17#113 Warning
Non-clocked sequential cell  
The clock pin design_1_i/ro_puf_0/inst/rocounter2_reg[13]/C is not reached by a timing clock
Related violations: <none>

TIMING-17#114 Warning
Non-clocked sequential cell  
The clock pin design_1_i/ro_puf_0/inst/rocounter2_reg[14]/C is not reached by a timing clock
Related violations: <none>

TIMING-17#115 Warning
Non-clocked sequential cell  
The clock pin design_1_i/ro_puf_0/inst/rocounter2_reg[15]/C is not reached by a timing clock
Related violations: <none>

TIMING-17#116 Warning
Non-clocked sequential cell  
The clock pin design_1_i/ro_puf_0/inst/rocounter2_reg[16]/C is not reached by a timing clock
Related violations: <none>

TIMING-17#117 Warning
Non-clocked sequential cell  
The clock pin design_1_i/ro_puf_0/inst/rocounter2_reg[17]/C is not reached by a timing clock
Related violations: <none>

TIMING-17#118 Warning
Non-clocked sequential cell  
The clock pin design_1_i/ro_puf_0/inst/rocounter2_reg[18]/C is not reached by a timing clock
Related violations: <none>

TIMING-17#119 Warning
Non-clocked sequential cell  
The clock pin design_1_i/ro_puf_0/inst/rocounter2_reg[19]/C is not reached by a timing clock
Related violations: <none>

TIMING-17#120 Warning
Non-clocked sequential cell  
The clock pin design_1_i/ro_puf_0/inst/rocounter2_reg[1]/C is not reached by a timing clock
Related violations: <none>

TIMING-17#121 Warning
Non-clocked sequential cell  
The clock pin design_1_i/ro_puf_0/inst/rocounter2_reg[20]/C is not reached by a timing clock
Related violations: <none>

TIMING-17#122 Warning
Non-clocked sequential cell  
The clock pin design_1_i/ro_puf_0/inst/rocounter2_reg[21]/C is not reached by a timing clock
Related violations: <none>

TIMING-17#123 Warning
Non-clocked sequential cell  
The clock pin design_1_i/ro_puf_0/inst/rocounter2_reg[22]/C is not reached by a timing clock
Related violations: <none>

TIMING-17#124 Warning
Non-clocked sequential cell  
The clock pin design_1_i/ro_puf_0/inst/rocounter2_reg[23]/C is not reached by a timing clock
Related violations: <none>

TIMING-17#125 Warning
Non-clocked sequential cell  
The clock pin design_1_i/ro_puf_0/inst/rocounter2_reg[24]/C is not reached by a timing clock
Related violations: <none>

TIMING-17#126 Warning
Non-clocked sequential cell  
The clock pin design_1_i/ro_puf_0/inst/rocounter2_reg[25]/C is not reached by a timing clock
Related violations: <none>

TIMING-17#127 Warning
Non-clocked sequential cell  
The clock pin design_1_i/ro_puf_0/inst/rocounter2_reg[26]/C is not reached by a timing clock
Related violations: <none>

TIMING-17#128 Warning
Non-clocked sequential cell  
The clock pin design_1_i/ro_puf_0/inst/rocounter2_reg[27]/C is not reached by a timing clock
Related violations: <none>

TIMING-17#129 Warning
Non-clocked sequential cell  
The clock pin design_1_i/ro_puf_0/inst/rocounter2_reg[28]/C is not reached by a timing clock
Related violations: <none>

TIMING-17#130 Warning
Non-clocked sequential cell  
The clock pin design_1_i/ro_puf_0/inst/rocounter2_reg[29]/C is not reached by a timing clock
Related violations: <none>

TIMING-17#131 Warning
Non-clocked sequential cell  
The clock pin design_1_i/ro_puf_0/inst/rocounter2_reg[2]/C is not reached by a timing clock
Related violations: <none>

TIMING-17#132 Warning
Non-clocked sequential cell  
The clock pin design_1_i/ro_puf_0/inst/rocounter2_reg[30]/C is not reached by a timing clock
Related violations: <none>

TIMING-17#133 Warning
Non-clocked sequential cell  
The clock pin design_1_i/ro_puf_0/inst/rocounter2_reg[31]/C is not reached by a timing clock
Related violations: <none>

TIMING-17#134 Warning
Non-clocked sequential cell  
The clock pin design_1_i/ro_puf_0/inst/rocounter2_reg[3]/C is not reached by a timing clock
Related violations: <none>

TIMING-17#135 Warning
Non-clocked sequential cell  
The clock pin design_1_i/ro_puf_0/inst/rocounter2_reg[4]/C is not reached by a timing clock
Related violations: <none>

TIMING-17#136 Warning
Non-clocked sequential cell  
The clock pin design_1_i/ro_puf_0/inst/rocounter2_reg[5]/C is not reached by a timing clock
Related violations: <none>

TIMING-17#137 Warning
Non-clocked sequential cell  
The clock pin design_1_i/ro_puf_0/inst/rocounter2_reg[6]/C is not reached by a timing clock
Related violations: <none>

TIMING-17#138 Warning
Non-clocked sequential cell  
The clock pin design_1_i/ro_puf_0/inst/rocounter2_reg[7]/C is not reached by a timing clock
Related violations: <none>

TIMING-17#139 Warning
Non-clocked sequential cell  
The clock pin design_1_i/ro_puf_0/inst/rocounter2_reg[8]/C is not reached by a timing clock
Related violations: <none>

TIMING-17#140 Warning
Non-clocked sequential cell  
The clock pin design_1_i/ro_puf_0/inst/rocounter2_reg[9]/C is not reached by a timing clock
Related violations: <none>

TIMING-17#141 Warning
Non-clocked sequential cell  
The clock pin design_1_i/ro_puf_0/inst/second_counter_reg[0]/C is not reached by a timing clock
Related violations: <none>

TIMING-17#142 Warning
Non-clocked sequential cell  
The clock pin design_1_i/ro_puf_0/inst/second_counter_reg[1]/C is not reached by a timing clock
Related violations: <none>

TIMING-17#143 Warning
Non-clocked sequential cell  
The clock pin design_1_i/ro_puf_0/inst/second_counter_reg[2]/C is not reached by a timing clock
Related violations: <none>

TIMING-17#144 Warning
Non-clocked sequential cell  
The clock pin design_1_i/ro_puf_0/inst/second_counter_reg[3]/C is not reached by a timing clock
Related violations: <none>

TIMING-17#145 Warning
Non-clocked sequential cell  
The clock pin design_1_i/ro_puf_0/inst/second_counter_reg[4]/C is not reached by a timing clock
Related violations: <none>

TIMING-17#146 Warning
Non-clocked sequential cell  
The clock pin design_1_i/ro_puf_0/inst/second_counter_reg[5]/C is not reached by a timing clock
Related violations: <none>

TIMING-23#1 Warning
Combinational loop found  
A timing loop has been detected on a combinational path. A timing arc has been disabled between design_1_i/ro_puf_0/inst/ro_blocks[0].ro1/NAND0/c_INST_0/I0 and design_1_i/ro_puf_0/inst/ro_blocks[0].ro1/NAND0/c_INST_0/O to disable the timing loop
Related violations: <none>

TIMING-23#2 Warning
Combinational loop found  
A timing loop has been detected on a combinational path. A timing arc has been disabled between design_1_i/ro_puf_0/inst/ro_blocks[0].ro2/NAND0/c_INST_0/I0 and design_1_i/ro_puf_0/inst/ro_blocks[0].ro2/NAND0/c_INST_0/O to disable the timing loop
Related violations: <none>

TIMING-23#3 Warning
Combinational loop found  
A timing loop has been detected on a combinational path. A timing arc has been disabled between design_1_i/ro_puf_0/inst/ro_blocks[10].ro1/NAND0/c_INST_0/I0 and design_1_i/ro_puf_0/inst/ro_blocks[10].ro1/NAND0/c_INST_0/O to disable the timing loop
Related violations: <none>

TIMING-23#4 Warning
Combinational loop found  
A timing loop has been detected on a combinational path. A timing arc has been disabled between design_1_i/ro_puf_0/inst/ro_blocks[10].ro2/NAND0/c_INST_0/I0 and design_1_i/ro_puf_0/inst/ro_blocks[10].ro2/NAND0/c_INST_0/O to disable the timing loop
Related violations: <none>

TIMING-23#5 Warning
Combinational loop found  
A timing loop has been detected on a combinational path. A timing arc has been disabled between design_1_i/ro_puf_0/inst/ro_blocks[11].ro1/NAND0/c_INST_0/I0 and design_1_i/ro_puf_0/inst/ro_blocks[11].ro1/NAND0/c_INST_0/O to disable the timing loop
Related violations: <none>

TIMING-23#6 Warning
Combinational loop found  
A timing loop has been detected on a combinational path. A timing arc has been disabled between design_1_i/ro_puf_0/inst/ro_blocks[11].ro2/NAND0/c_INST_0/I0 and design_1_i/ro_puf_0/inst/ro_blocks[11].ro2/NAND0/c_INST_0/O to disable the timing loop
Related violations: <none>

TIMING-23#7 Warning
Combinational loop found  
A timing loop has been detected on a combinational path. A timing arc has been disabled between design_1_i/ro_puf_0/inst/ro_blocks[12].ro1/NAND0/c_INST_0/I0 and design_1_i/ro_puf_0/inst/ro_blocks[12].ro1/NAND0/c_INST_0/O to disable the timing loop
Related violations: <none>

TIMING-23#8 Warning
Combinational loop found  
A timing loop has been detected on a combinational path. A timing arc has been disabled between design_1_i/ro_puf_0/inst/ro_blocks[12].ro2/NAND0/c_INST_0/I0 and design_1_i/ro_puf_0/inst/ro_blocks[12].ro2/NAND0/c_INST_0/O to disable the timing loop
Related violations: <none>

TIMING-23#9 Warning
Combinational loop found  
A timing loop has been detected on a combinational path. A timing arc has been disabled between design_1_i/ro_puf_0/inst/ro_blocks[13].ro1/NAND0/c_INST_0/I0 and design_1_i/ro_puf_0/inst/ro_blocks[13].ro1/NAND0/c_INST_0/O to disable the timing loop
Related violations: <none>

TIMING-23#10 Warning
Combinational loop found  
A timing loop has been detected on a combinational path. A timing arc has been disabled between design_1_i/ro_puf_0/inst/ro_blocks[13].ro2/NAND0/c_INST_0/I0 and design_1_i/ro_puf_0/inst/ro_blocks[13].ro2/NAND0/c_INST_0/O to disable the timing loop
Related violations: <none>

TIMING-23#11 Warning
Combinational loop found  
A timing loop has been detected on a combinational path. A timing arc has been disabled between design_1_i/ro_puf_0/inst/ro_blocks[14].ro1/NAND0/c_INST_0/I0 and design_1_i/ro_puf_0/inst/ro_blocks[14].ro1/NAND0/c_INST_0/O to disable the timing loop
Related violations: <none>

TIMING-23#12 Warning
Combinational loop found  
A timing loop has been detected on a combinational path. A timing arc has been disabled between design_1_i/ro_puf_0/inst/ro_blocks[14].ro2/NAND0/c_INST_0/I0 and design_1_i/ro_puf_0/inst/ro_blocks[14].ro2/NAND0/c_INST_0/O to disable the timing loop
Related violations: <none>

TIMING-23#13 Warning
Combinational loop found  
A timing loop has been detected on a combinational path. A timing arc has been disabled between design_1_i/ro_puf_0/inst/ro_blocks[15].ro1/NAND0/c_INST_0/I0 and design_1_i/ro_puf_0/inst/ro_blocks[15].ro1/NAND0/c_INST_0/O to disable the timing loop
Related violations: <none>

TIMING-23#14 Warning
Combinational loop found  
A timing loop has been detected on a combinational path. A timing arc has been disabled between design_1_i/ro_puf_0/inst/ro_blocks[15].ro2/NAND0/c_INST_0/I0 and design_1_i/ro_puf_0/inst/ro_blocks[15].ro2/NAND0/c_INST_0/O to disable the timing loop
Related violations: <none>

TIMING-23#15 Warning
Combinational loop found  
A timing loop has been detected on a combinational path. A timing arc has been disabled between design_1_i/ro_puf_0/inst/ro_blocks[16].ro1/NAND0/c_INST_0/I0 and design_1_i/ro_puf_0/inst/ro_blocks[16].ro1/NAND0/c_INST_0/O to disable the timing loop
Related violations: <none>

TIMING-23#16 Warning
Combinational loop found  
A timing loop has been detected on a combinational path. A timing arc has been disabled between design_1_i/ro_puf_0/inst/ro_blocks[16].ro2/NAND0/c_INST_0/I0 and design_1_i/ro_puf_0/inst/ro_blocks[16].ro2/NAND0/c_INST_0/O to disable the timing loop
Related violations: <none>

TIMING-23#17 Warning
Combinational loop found  
A timing loop has been detected on a combinational path. A timing arc has been disabled between design_1_i/ro_puf_0/inst/ro_blocks[17].ro1/NAND0/c_INST_0/I0 and design_1_i/ro_puf_0/inst/ro_blocks[17].ro1/NAND0/c_INST_0/O to disable the timing loop
Related violations: <none>

TIMING-23#18 Warning
Combinational loop found  
A timing loop has been detected on a combinational path. A timing arc has been disabled between design_1_i/ro_puf_0/inst/ro_blocks[17].ro2/NAND0/c_INST_0/I0 and design_1_i/ro_puf_0/inst/ro_blocks[17].ro2/NAND0/c_INST_0/O to disable the timing loop
Related violations: <none>

TIMING-23#19 Warning
Combinational loop found  
A timing loop has been detected on a combinational path. A timing arc has been disabled between design_1_i/ro_puf_0/inst/ro_blocks[18].ro1/NAND0/c_INST_0/I0 and design_1_i/ro_puf_0/inst/ro_blocks[18].ro1/NAND0/c_INST_0/O to disable the timing loop
Related violations: <none>

TIMING-23#20 Warning
Combinational loop found  
A timing loop has been detected on a combinational path. A timing arc has been disabled between design_1_i/ro_puf_0/inst/ro_blocks[18].ro2/NAND0/c_INST_0/I0 and design_1_i/ro_puf_0/inst/ro_blocks[18].ro2/NAND0/c_INST_0/O to disable the timing loop
Related violations: <none>

TIMING-23#21 Warning
Combinational loop found  
A timing loop has been detected on a combinational path. A timing arc has been disabled between design_1_i/ro_puf_0/inst/ro_blocks[19].ro1/NAND0/c_INST_0/I0 and design_1_i/ro_puf_0/inst/ro_blocks[19].ro1/NAND0/c_INST_0/O to disable the timing loop
Related violations: <none>

TIMING-23#22 Warning
Combinational loop found  
A timing loop has been detected on a combinational path. A timing arc has been disabled between design_1_i/ro_puf_0/inst/ro_blocks[19].ro2/NAND0/c_INST_0/I0 and design_1_i/ro_puf_0/inst/ro_blocks[19].ro2/NAND0/c_INST_0/O to disable the timing loop
Related violations: <none>

TIMING-23#23 Warning
Combinational loop found  
A timing loop has been detected on a combinational path. A timing arc has been disabled between design_1_i/ro_puf_0/inst/ro_blocks[1].ro1/NAND0/c_INST_0/I0 and design_1_i/ro_puf_0/inst/ro_blocks[1].ro1/NAND0/c_INST_0/O to disable the timing loop
Related violations: <none>

TIMING-23#24 Warning
Combinational loop found  
A timing loop has been detected on a combinational path. A timing arc has been disabled between design_1_i/ro_puf_0/inst/ro_blocks[1].ro2/NAND0/c_INST_0/I0 and design_1_i/ro_puf_0/inst/ro_blocks[1].ro2/NAND0/c_INST_0/O to disable the timing loop
Related violations: <none>

TIMING-23#25 Warning
Combinational loop found  
A timing loop has been detected on a combinational path. A timing arc has been disabled between design_1_i/ro_puf_0/inst/ro_blocks[20].ro1/NAND0/c_INST_0/I0 and design_1_i/ro_puf_0/inst/ro_blocks[20].ro1/NAND0/c_INST_0/O to disable the timing loop
Related violations: <none>

TIMING-23#26 Warning
Combinational loop found  
A timing loop has been detected on a combinational path. A timing arc has been disabled between design_1_i/ro_puf_0/inst/ro_blocks[20].ro2/NAND0/c_INST_0/I0 and design_1_i/ro_puf_0/inst/ro_blocks[20].ro2/NAND0/c_INST_0/O to disable the timing loop
Related violations: <none>

TIMING-23#27 Warning
Combinational loop found  
A timing loop has been detected on a combinational path. A timing arc has been disabled between design_1_i/ro_puf_0/inst/ro_blocks[21].ro1/NAND0/c_INST_0/I0 and design_1_i/ro_puf_0/inst/ro_blocks[21].ro1/NAND0/c_INST_0/O to disable the timing loop
Related violations: <none>

TIMING-23#28 Warning
Combinational loop found  
A timing loop has been detected on a combinational path. A timing arc has been disabled between design_1_i/ro_puf_0/inst/ro_blocks[21].ro2/NAND0/c_INST_0/I0 and design_1_i/ro_puf_0/inst/ro_blocks[21].ro2/NAND0/c_INST_0/O to disable the timing loop
Related violations: <none>

TIMING-23#29 Warning
Combinational loop found  
A timing loop has been detected on a combinational path. A timing arc has been disabled between design_1_i/ro_puf_0/inst/ro_blocks[22].ro1/NAND0/c_INST_0/I0 and design_1_i/ro_puf_0/inst/ro_blocks[22].ro1/NAND0/c_INST_0/O to disable the timing loop
Related violations: <none>

TIMING-23#30 Warning
Combinational loop found  
A timing loop has been detected on a combinational path. A timing arc has been disabled between design_1_i/ro_puf_0/inst/ro_blocks[22].ro2/NAND0/c_INST_0/I0 and design_1_i/ro_puf_0/inst/ro_blocks[22].ro2/NAND0/c_INST_0/O to disable the timing loop
Related violations: <none>

TIMING-23#31 Warning
Combinational loop found  
A timing loop has been detected on a combinational path. A timing arc has been disabled between design_1_i/ro_puf_0/inst/ro_blocks[23].ro1/NAND0/c_INST_0/I0 and design_1_i/ro_puf_0/inst/ro_blocks[23].ro1/NAND0/c_INST_0/O to disable the timing loop
Related violations: <none>

TIMING-23#32 Warning
Combinational loop found  
A timing loop has been detected on a combinational path. A timing arc has been disabled between design_1_i/ro_puf_0/inst/ro_blocks[23].ro2/NAND0/c_INST_0/I0 and design_1_i/ro_puf_0/inst/ro_blocks[23].ro2/NAND0/c_INST_0/O to disable the timing loop
Related violations: <none>

TIMING-23#33 Warning
Combinational loop found  
A timing loop has been detected on a combinational path. A timing arc has been disabled between design_1_i/ro_puf_0/inst/ro_blocks[24].ro1/NAND0/c_INST_0/I0 and design_1_i/ro_puf_0/inst/ro_blocks[24].ro1/NAND0/c_INST_0/O to disable the timing loop
Related violations: <none>

TIMING-23#34 Warning
Combinational loop found  
A timing loop has been detected on a combinational path. A timing arc has been disabled between design_1_i/ro_puf_0/inst/ro_blocks[24].ro2/NAND0/c_INST_0/I0 and design_1_i/ro_puf_0/inst/ro_blocks[24].ro2/NAND0/c_INST_0/O to disable the timing loop
Related violations: <none>

TIMING-23#35 Warning
Combinational loop found  
A timing loop has been detected on a combinational path. A timing arc has been disabled between design_1_i/ro_puf_0/inst/ro_blocks[25].ro1/NAND0/c_INST_0/I0 and design_1_i/ro_puf_0/inst/ro_blocks[25].ro1/NAND0/c_INST_0/O to disable the timing loop
Related violations: <none>

TIMING-23#36 Warning
Combinational loop found  
A timing loop has been detected on a combinational path. A timing arc has been disabled between design_1_i/ro_puf_0/inst/ro_blocks[25].ro2/NAND0/c_INST_0/I0 and design_1_i/ro_puf_0/inst/ro_blocks[25].ro2/NAND0/c_INST_0/O to disable the timing loop
Related violations: <none>

TIMING-23#37 Warning
Combinational loop found  
A timing loop has been detected on a combinational path. A timing arc has been disabled between design_1_i/ro_puf_0/inst/ro_blocks[26].ro1/NAND0/c_INST_0/I0 and design_1_i/ro_puf_0/inst/ro_blocks[26].ro1/NAND0/c_INST_0/O to disable the timing loop
Related violations: <none>

TIMING-23#38 Warning
Combinational loop found  
A timing loop has been detected on a combinational path. A timing arc has been disabled between design_1_i/ro_puf_0/inst/ro_blocks[26].ro2/NAND0/c_INST_0/I0 and design_1_i/ro_puf_0/inst/ro_blocks[26].ro2/NAND0/c_INST_0/O to disable the timing loop
Related violations: <none>

TIMING-23#39 Warning
Combinational loop found  
A timing loop has been detected on a combinational path. A timing arc has been disabled between design_1_i/ro_puf_0/inst/ro_blocks[27].ro1/NAND0/c_INST_0/I0 and design_1_i/ro_puf_0/inst/ro_blocks[27].ro1/NAND0/c_INST_0/O to disable the timing loop
Related violations: <none>

TIMING-23#40 Warning
Combinational loop found  
A timing loop has been detected on a combinational path. A timing arc has been disabled between design_1_i/ro_puf_0/inst/ro_blocks[27].ro2/NAND0/c_INST_0/I0 and design_1_i/ro_puf_0/inst/ro_blocks[27].ro2/NAND0/c_INST_0/O to disable the timing loop
Related violations: <none>

TIMING-23#41 Warning
Combinational loop found  
A timing loop has been detected on a combinational path. A timing arc has been disabled between design_1_i/ro_puf_0/inst/ro_blocks[28].ro1/NAND0/c_INST_0/I0 and design_1_i/ro_puf_0/inst/ro_blocks[28].ro1/NAND0/c_INST_0/O to disable the timing loop
Related violations: <none>

TIMING-23#42 Warning
Combinational loop found  
A timing loop has been detected on a combinational path. A timing arc has been disabled between design_1_i/ro_puf_0/inst/ro_blocks[28].ro2/NAND0/c_INST_0/I0 and design_1_i/ro_puf_0/inst/ro_blocks[28].ro2/NAND0/c_INST_0/O to disable the timing loop
Related violations: <none>

TIMING-23#43 Warning
Combinational loop found  
A timing loop has been detected on a combinational path. A timing arc has been disabled between design_1_i/ro_puf_0/inst/ro_blocks[29].ro1/NAND0/c_INST_0/I0 and design_1_i/ro_puf_0/inst/ro_blocks[29].ro1/NAND0/c_INST_0/O to disable the timing loop
Related violations: <none>

TIMING-23#44 Warning
Combinational loop found  
A timing loop has been detected on a combinational path. A timing arc has been disabled between design_1_i/ro_puf_0/inst/ro_blocks[29].ro2/NAND0/c_INST_0/I0 and design_1_i/ro_puf_0/inst/ro_blocks[29].ro2/NAND0/c_INST_0/O to disable the timing loop
Related violations: <none>

TIMING-23#45 Warning
Combinational loop found  
A timing loop has been detected on a combinational path. A timing arc has been disabled between design_1_i/ro_puf_0/inst/ro_blocks[2].ro1/NAND0/c_INST_0/I0 and design_1_i/ro_puf_0/inst/ro_blocks[2].ro1/NAND0/c_INST_0/O to disable the timing loop
Related violations: <none>

TIMING-23#46 Warning
Combinational loop found  
A timing loop has been detected on a combinational path. A timing arc has been disabled between design_1_i/ro_puf_0/inst/ro_blocks[2].ro2/NAND0/c_INST_0/I0 and design_1_i/ro_puf_0/inst/ro_blocks[2].ro2/NAND0/c_INST_0/O to disable the timing loop
Related violations: <none>

TIMING-23#47 Warning
Combinational loop found  
A timing loop has been detected on a combinational path. A timing arc has been disabled between design_1_i/ro_puf_0/inst/ro_blocks[30].ro1/NAND0/c_INST_0/I0 and design_1_i/ro_puf_0/inst/ro_blocks[30].ro1/NAND0/c_INST_0/O to disable the timing loop
Related violations: <none>

TIMING-23#48 Warning
Combinational loop found  
A timing loop has been detected on a combinational path. A timing arc has been disabled between design_1_i/ro_puf_0/inst/ro_blocks[30].ro2/NAND0/c_INST_0/I0 and design_1_i/ro_puf_0/inst/ro_blocks[30].ro2/NAND0/c_INST_0/O to disable the timing loop
Related violations: <none>

TIMING-23#49 Warning
Combinational loop found  
A timing loop has been detected on a combinational path. A timing arc has been disabled between design_1_i/ro_puf_0/inst/ro_blocks[31].ro1/NAND0/c_INST_0/I0 and design_1_i/ro_puf_0/inst/ro_blocks[31].ro1/NAND0/c_INST_0/O to disable the timing loop
Related violations: <none>

TIMING-23#50 Warning
Combinational loop found  
A timing loop has been detected on a combinational path. A timing arc has been disabled between design_1_i/ro_puf_0/inst/ro_blocks[31].ro2/NAND0/c_INST_0/I0 and design_1_i/ro_puf_0/inst/ro_blocks[31].ro2/NAND0/c_INST_0/O to disable the timing loop
Related violations: <none>

TIMING-23#51 Warning
Combinational loop found  
A timing loop has been detected on a combinational path. A timing arc has been disabled between design_1_i/ro_puf_0/inst/ro_blocks[32].ro1/NAND0/c_INST_0/I0 and design_1_i/ro_puf_0/inst/ro_blocks[32].ro1/NAND0/c_INST_0/O to disable the timing loop
Related violations: <none>

TIMING-23#52 Warning
Combinational loop found  
A timing loop has been detected on a combinational path. A timing arc has been disabled between design_1_i/ro_puf_0/inst/ro_blocks[32].ro2/NAND0/c_INST_0/I0 and design_1_i/ro_puf_0/inst/ro_blocks[32].ro2/NAND0/c_INST_0/O to disable the timing loop
Related violations: <none>

TIMING-23#53 Warning
Combinational loop found  
A timing loop has been detected on a combinational path. A timing arc has been disabled between design_1_i/ro_puf_0/inst/ro_blocks[33].ro1/NAND0/c_INST_0/I0 and design_1_i/ro_puf_0/inst/ro_blocks[33].ro1/NAND0/c_INST_0/O to disable the timing loop
Related violations: <none>

TIMING-23#54 Warning
Combinational loop found  
A timing loop has been detected on a combinational path. A timing arc has been disabled between design_1_i/ro_puf_0/inst/ro_blocks[33].ro2/NAND0/c_INST_0/I0 and design_1_i/ro_puf_0/inst/ro_blocks[33].ro2/NAND0/c_INST_0/O to disable the timing loop
Related violations: <none>

TIMING-23#55 Warning
Combinational loop found  
A timing loop has been detected on a combinational path. A timing arc has been disabled between design_1_i/ro_puf_0/inst/ro_blocks[34].ro1/NAND0/c_INST_0/I0 and design_1_i/ro_puf_0/inst/ro_blocks[34].ro1/NAND0/c_INST_0/O to disable the timing loop
Related violations: <none>

TIMING-23#56 Warning
Combinational loop found  
A timing loop has been detected on a combinational path. A timing arc has been disabled between design_1_i/ro_puf_0/inst/ro_blocks[34].ro2/NAND0/c_INST_0/I0 and design_1_i/ro_puf_0/inst/ro_blocks[34].ro2/NAND0/c_INST_0/O to disable the timing loop
Related violations: <none>

TIMING-23#57 Warning
Combinational loop found  
A timing loop has been detected on a combinational path. A timing arc has been disabled between design_1_i/ro_puf_0/inst/ro_blocks[35].ro1/NAND0/c_INST_0/I0 and design_1_i/ro_puf_0/inst/ro_blocks[35].ro1/NAND0/c_INST_0/O to disable the timing loop
Related violations: <none>

TIMING-23#58 Warning
Combinational loop found  
A timing loop has been detected on a combinational path. A timing arc has been disabled between design_1_i/ro_puf_0/inst/ro_blocks[35].ro2/NAND0/c_INST_0/I0 and design_1_i/ro_puf_0/inst/ro_blocks[35].ro2/NAND0/c_INST_0/O to disable the timing loop
Related violations: <none>

TIMING-23#59 Warning
Combinational loop found  
A timing loop has been detected on a combinational path. A timing arc has been disabled between design_1_i/ro_puf_0/inst/ro_blocks[36].ro1/NAND0/c_INST_0/I0 and design_1_i/ro_puf_0/inst/ro_blocks[36].ro1/NAND0/c_INST_0/O to disable the timing loop
Related violations: <none>

TIMING-23#60 Warning
Combinational loop found  
A timing loop has been detected on a combinational path. A timing arc has been disabled between design_1_i/ro_puf_0/inst/ro_blocks[36].ro2/NAND0/c_INST_0/I0 and design_1_i/ro_puf_0/inst/ro_blocks[36].ro2/NAND0/c_INST_0/O to disable the timing loop
Related violations: <none>

TIMING-23#61 Warning
Combinational loop found  
A timing loop has been detected on a combinational path. A timing arc has been disabled between design_1_i/ro_puf_0/inst/ro_blocks[37].ro1/NAND0/c_INST_0/I0 and design_1_i/ro_puf_0/inst/ro_blocks[37].ro1/NAND0/c_INST_0/O to disable the timing loop
Related violations: <none>

TIMING-23#62 Warning
Combinational loop found  
A timing loop has been detected on a combinational path. A timing arc has been disabled between design_1_i/ro_puf_0/inst/ro_blocks[37].ro2/NAND0/c_INST_0/I0 and design_1_i/ro_puf_0/inst/ro_blocks[37].ro2/NAND0/c_INST_0/O to disable the timing loop
Related violations: <none>

TIMING-23#63 Warning
Combinational loop found  
A timing loop has been detected on a combinational path. A timing arc has been disabled between design_1_i/ro_puf_0/inst/ro_blocks[38].ro1/NAND0/c_INST_0/I0 and design_1_i/ro_puf_0/inst/ro_blocks[38].ro1/NAND0/c_INST_0/O to disable the timing loop
Related violations: <none>

TIMING-23#64 Warning
Combinational loop found  
A timing loop has been detected on a combinational path. A timing arc has been disabled between design_1_i/ro_puf_0/inst/ro_blocks[38].ro2/NAND0/c_INST_0/I0 and design_1_i/ro_puf_0/inst/ro_blocks[38].ro2/NAND0/c_INST_0/O to disable the timing loop
Related violations: <none>

TIMING-23#65 Warning
Combinational loop found  
A timing loop has been detected on a combinational path. A timing arc has been disabled between design_1_i/ro_puf_0/inst/ro_blocks[39].ro1/NAND0/c_INST_0/I0 and design_1_i/ro_puf_0/inst/ro_blocks[39].ro1/NAND0/c_INST_0/O to disable the timing loop
Related violations: <none>

TIMING-23#66 Warning
Combinational loop found  
A timing loop has been detected on a combinational path. A timing arc has been disabled between design_1_i/ro_puf_0/inst/ro_blocks[39].ro2/NAND0/c_INST_0/I0 and design_1_i/ro_puf_0/inst/ro_blocks[39].ro2/NAND0/c_INST_0/O to disable the timing loop
Related violations: <none>

TIMING-23#67 Warning
Combinational loop found  
A timing loop has been detected on a combinational path. A timing arc has been disabled between design_1_i/ro_puf_0/inst/ro_blocks[3].ro1/NAND0/c_INST_0/I0 and design_1_i/ro_puf_0/inst/ro_blocks[3].ro1/NAND0/c_INST_0/O to disable the timing loop
Related violations: <none>

TIMING-23#68 Warning
Combinational loop found  
A timing loop has been detected on a combinational path. A timing arc has been disabled between design_1_i/ro_puf_0/inst/ro_blocks[3].ro2/NAND0/c_INST_0/I0 and design_1_i/ro_puf_0/inst/ro_blocks[3].ro2/NAND0/c_INST_0/O to disable the timing loop
Related violations: <none>

TIMING-23#69 Warning
Combinational loop found  
A timing loop has been detected on a combinational path. A timing arc has been disabled between design_1_i/ro_puf_0/inst/ro_blocks[40].ro1/NAND0/c_INST_0/I0 and design_1_i/ro_puf_0/inst/ro_blocks[40].ro1/NAND0/c_INST_0/O to disable the timing loop
Related violations: <none>

TIMING-23#70 Warning
Combinational loop found  
A timing loop has been detected on a combinational path. A timing arc has been disabled between design_1_i/ro_puf_0/inst/ro_blocks[40].ro2/NAND0/c_INST_0/I0 and design_1_i/ro_puf_0/inst/ro_blocks[40].ro2/NAND0/c_INST_0/O to disable the timing loop
Related violations: <none>

TIMING-23#71 Warning
Combinational loop found  
A timing loop has been detected on a combinational path. A timing arc has been disabled between design_1_i/ro_puf_0/inst/ro_blocks[41].ro1/NAND0/c_INST_0/I0 and design_1_i/ro_puf_0/inst/ro_blocks[41].ro1/NAND0/c_INST_0/O to disable the timing loop
Related violations: <none>

TIMING-23#72 Warning
Combinational loop found  
A timing loop has been detected on a combinational path. A timing arc has been disabled between design_1_i/ro_puf_0/inst/ro_blocks[41].ro2/NAND0/c_INST_0/I0 and design_1_i/ro_puf_0/inst/ro_blocks[41].ro2/NAND0/c_INST_0/O to disable the timing loop
Related violations: <none>

TIMING-23#73 Warning
Combinational loop found  
A timing loop has been detected on a combinational path. A timing arc has been disabled between design_1_i/ro_puf_0/inst/ro_blocks[42].ro1/NAND0/c_INST_0/I0 and design_1_i/ro_puf_0/inst/ro_blocks[42].ro1/NAND0/c_INST_0/O to disable the timing loop
Related violations: <none>

TIMING-23#74 Warning
Combinational loop found  
A timing loop has been detected on a combinational path. A timing arc has been disabled between design_1_i/ro_puf_0/inst/ro_blocks[42].ro2/NAND0/c_INST_0/I0 and design_1_i/ro_puf_0/inst/ro_blocks[42].ro2/NAND0/c_INST_0/O to disable the timing loop
Related violations: <none>

TIMING-23#75 Warning
Combinational loop found  
A timing loop has been detected on a combinational path. A timing arc has been disabled between design_1_i/ro_puf_0/inst/ro_blocks[43].ro1/NAND0/c_INST_0/I0 and design_1_i/ro_puf_0/inst/ro_blocks[43].ro1/NAND0/c_INST_0/O to disable the timing loop
Related violations: <none>

TIMING-23#76 Warning
Combinational loop found  
A timing loop has been detected on a combinational path. A timing arc has been disabled between design_1_i/ro_puf_0/inst/ro_blocks[43].ro2/NAND0/c_INST_0/I0 and design_1_i/ro_puf_0/inst/ro_blocks[43].ro2/NAND0/c_INST_0/O to disable the timing loop
Related violations: <none>

TIMING-23#77 Warning
Combinational loop found  
A timing loop has been detected on a combinational path. A timing arc has been disabled between design_1_i/ro_puf_0/inst/ro_blocks[44].ro1/NAND0/c_INST_0/I0 and design_1_i/ro_puf_0/inst/ro_blocks[44].ro1/NAND0/c_INST_0/O to disable the timing loop
Related violations: <none>

TIMING-23#78 Warning
Combinational loop found  
A timing loop has been detected on a combinational path. A timing arc has been disabled between design_1_i/ro_puf_0/inst/ro_blocks[44].ro2/NAND0/c_INST_0/I0 and design_1_i/ro_puf_0/inst/ro_blocks[44].ro2/NAND0/c_INST_0/O to disable the timing loop
Related violations: <none>

TIMING-23#79 Warning
Combinational loop found  
A timing loop has been detected on a combinational path. A timing arc has been disabled between design_1_i/ro_puf_0/inst/ro_blocks[45].ro1/NAND0/c_INST_0/I0 and design_1_i/ro_puf_0/inst/ro_blocks[45].ro1/NAND0/c_INST_0/O to disable the timing loop
Related violations: <none>

TIMING-23#80 Warning
Combinational loop found  
A timing loop has been detected on a combinational path. A timing arc has been disabled between design_1_i/ro_puf_0/inst/ro_blocks[45].ro2/NAND0/c_INST_0/I0 and design_1_i/ro_puf_0/inst/ro_blocks[45].ro2/NAND0/c_INST_0/O to disable the timing loop
Related violations: <none>

TIMING-23#81 Warning
Combinational loop found  
A timing loop has been detected on a combinational path. A timing arc has been disabled between design_1_i/ro_puf_0/inst/ro_blocks[46].ro1/NAND0/c_INST_0/I0 and design_1_i/ro_puf_0/inst/ro_blocks[46].ro1/NAND0/c_INST_0/O to disable the timing loop
Related violations: <none>

TIMING-23#82 Warning
Combinational loop found  
A timing loop has been detected on a combinational path. A timing arc has been disabled between design_1_i/ro_puf_0/inst/ro_blocks[46].ro2/NAND0/c_INST_0/I0 and design_1_i/ro_puf_0/inst/ro_blocks[46].ro2/NAND0/c_INST_0/O to disable the timing loop
Related violations: <none>

TIMING-23#83 Warning
Combinational loop found  
A timing loop has been detected on a combinational path. A timing arc has been disabled between design_1_i/ro_puf_0/inst/ro_blocks[47].ro1/NAND0/c_INST_0/I0 and design_1_i/ro_puf_0/inst/ro_blocks[47].ro1/NAND0/c_INST_0/O to disable the timing loop
Related violations: <none>

TIMING-23#84 Warning
Combinational loop found  
A timing loop has been detected on a combinational path. A timing arc has been disabled between design_1_i/ro_puf_0/inst/ro_blocks[47].ro2/NAND0/c_INST_0/I0 and design_1_i/ro_puf_0/inst/ro_blocks[47].ro2/NAND0/c_INST_0/O to disable the timing loop
Related violations: <none>

TIMING-23#85 Warning
Combinational loop found  
A timing loop has been detected on a combinational path. A timing arc has been disabled between design_1_i/ro_puf_0/inst/ro_blocks[48].ro1/NAND0/c_INST_0/I0 and design_1_i/ro_puf_0/inst/ro_blocks[48].ro1/NAND0/c_INST_0/O to disable the timing loop
Related violations: <none>

TIMING-23#86 Warning
Combinational loop found  
A timing loop has been detected on a combinational path. A timing arc has been disabled between design_1_i/ro_puf_0/inst/ro_blocks[48].ro2/NAND0/c_INST_0/I0 and design_1_i/ro_puf_0/inst/ro_blocks[48].ro2/NAND0/c_INST_0/O to disable the timing loop
Related violations: <none>

TIMING-23#87 Warning
Combinational loop found  
A timing loop has been detected on a combinational path. A timing arc has been disabled between design_1_i/ro_puf_0/inst/ro_blocks[49].ro1/NAND0/c_INST_0/I0 and design_1_i/ro_puf_0/inst/ro_blocks[49].ro1/NAND0/c_INST_0/O to disable the timing loop
Related violations: <none>

TIMING-23#88 Warning
Combinational loop found  
A timing loop has been detected on a combinational path. A timing arc has been disabled between design_1_i/ro_puf_0/inst/ro_blocks[49].ro2/NAND0/c_INST_0/I0 and design_1_i/ro_puf_0/inst/ro_blocks[49].ro2/NAND0/c_INST_0/O to disable the timing loop
Related violations: <none>

TIMING-23#89 Warning
Combinational loop found  
A timing loop has been detected on a combinational path. A timing arc has been disabled between design_1_i/ro_puf_0/inst/ro_blocks[4].ro1/NAND0/c_INST_0/I0 and design_1_i/ro_puf_0/inst/ro_blocks[4].ro1/NAND0/c_INST_0/O to disable the timing loop
Related violations: <none>

TIMING-23#90 Warning
Combinational loop found  
A timing loop has been detected on a combinational path. A timing arc has been disabled between design_1_i/ro_puf_0/inst/ro_blocks[4].ro2/NAND0/c_INST_0/I0 and design_1_i/ro_puf_0/inst/ro_blocks[4].ro2/NAND0/c_INST_0/O to disable the timing loop
Related violations: <none>

TIMING-23#91 Warning
Combinational loop found  
A timing loop has been detected on a combinational path. A timing arc has been disabled between design_1_i/ro_puf_0/inst/ro_blocks[50].ro1/NAND0/c_INST_0/I0 and design_1_i/ro_puf_0/inst/ro_blocks[50].ro1/NAND0/c_INST_0/O to disable the timing loop
Related violations: <none>

TIMING-23#92 Warning
Combinational loop found  
A timing loop has been detected on a combinational path. A timing arc has been disabled between design_1_i/ro_puf_0/inst/ro_blocks[50].ro2/NAND0/c_INST_0/I0 and design_1_i/ro_puf_0/inst/ro_blocks[50].ro2/NAND0/c_INST_0/O to disable the timing loop
Related violations: <none>

TIMING-23#93 Warning
Combinational loop found  
A timing loop has been detected on a combinational path. A timing arc has been disabled between design_1_i/ro_puf_0/inst/ro_blocks[51].ro1/NAND0/c_INST_0/I0 and design_1_i/ro_puf_0/inst/ro_blocks[51].ro1/NAND0/c_INST_0/O to disable the timing loop
Related violations: <none>

TIMING-23#94 Warning
Combinational loop found  
A timing loop has been detected on a combinational path. A timing arc has been disabled between design_1_i/ro_puf_0/inst/ro_blocks[51].ro2/NAND0/c_INST_0/I0 and design_1_i/ro_puf_0/inst/ro_blocks[51].ro2/NAND0/c_INST_0/O to disable the timing loop
Related violations: <none>

TIMING-23#95 Warning
Combinational loop found  
A timing loop has been detected on a combinational path. A timing arc has been disabled between design_1_i/ro_puf_0/inst/ro_blocks[52].ro1/NAND0/c_INST_0/I0 and design_1_i/ro_puf_0/inst/ro_blocks[52].ro1/NAND0/c_INST_0/O to disable the timing loop
Related violations: <none>

TIMING-23#96 Warning
Combinational loop found  
A timing loop has been detected on a combinational path. A timing arc has been disabled between design_1_i/ro_puf_0/inst/ro_blocks[52].ro2/NAND0/c_INST_0/I0 and design_1_i/ro_puf_0/inst/ro_blocks[52].ro2/NAND0/c_INST_0/O to disable the timing loop
Related violations: <none>

TIMING-23#97 Warning
Combinational loop found  
A timing loop has been detected on a combinational path. A timing arc has been disabled between design_1_i/ro_puf_0/inst/ro_blocks[53].ro1/NAND0/c_INST_0/I0 and design_1_i/ro_puf_0/inst/ro_blocks[53].ro1/NAND0/c_INST_0/O to disable the timing loop
Related violations: <none>

TIMING-23#98 Warning
Combinational loop found  
A timing loop has been detected on a combinational path. A timing arc has been disabled between design_1_i/ro_puf_0/inst/ro_blocks[53].ro2/NAND0/c_INST_0/I0 and design_1_i/ro_puf_0/inst/ro_blocks[53].ro2/NAND0/c_INST_0/O to disable the timing loop
Related violations: <none>

TIMING-23#99 Warning
Combinational loop found  
A timing loop has been detected on a combinational path. A timing arc has been disabled between design_1_i/ro_puf_0/inst/ro_blocks[54].ro1/NAND0/c_INST_0/I0 and design_1_i/ro_puf_0/inst/ro_blocks[54].ro1/NAND0/c_INST_0/O to disable the timing loop
Related violations: <none>

TIMING-23#100 Warning
Combinational loop found  
A timing loop has been detected on a combinational path. A timing arc has been disabled between design_1_i/ro_puf_0/inst/ro_blocks[54].ro2/NAND0/c_INST_0/I0 and design_1_i/ro_puf_0/inst/ro_blocks[54].ro2/NAND0/c_INST_0/O to disable the timing loop
Related violations: <none>

TIMING-23#101 Warning
Combinational loop found  
A timing loop has been detected on a combinational path. A timing arc has been disabled between design_1_i/ro_puf_0/inst/ro_blocks[55].ro1/NAND0/c_INST_0/I0 and design_1_i/ro_puf_0/inst/ro_blocks[55].ro1/NAND0/c_INST_0/O to disable the timing loop
Related violations: <none>

TIMING-23#102 Warning
Combinational loop found  
A timing loop has been detected on a combinational path. A timing arc has been disabled between design_1_i/ro_puf_0/inst/ro_blocks[55].ro2/NAND0/c_INST_0/I0 and design_1_i/ro_puf_0/inst/ro_blocks[55].ro2/NAND0/c_INST_0/O to disable the timing loop
Related violations: <none>

TIMING-23#103 Warning
Combinational loop found  
A timing loop has been detected on a combinational path. A timing arc has been disabled between design_1_i/ro_puf_0/inst/ro_blocks[56].ro1/NAND0/c_INST_0/I0 and design_1_i/ro_puf_0/inst/ro_blocks[56].ro1/NAND0/c_INST_0/O to disable the timing loop
Related violations: <none>

TIMING-23#104 Warning
Combinational loop found  
A timing loop has been detected on a combinational path. A timing arc has been disabled between design_1_i/ro_puf_0/inst/ro_blocks[56].ro2/NAND0/c_INST_0/I0 and design_1_i/ro_puf_0/inst/ro_blocks[56].ro2/NAND0/c_INST_0/O to disable the timing loop
Related violations: <none>

TIMING-23#105 Warning
Combinational loop found  
A timing loop has been detected on a combinational path. A timing arc has been disabled between design_1_i/ro_puf_0/inst/ro_blocks[57].ro1/NAND0/c_INST_0/I0 and design_1_i/ro_puf_0/inst/ro_blocks[57].ro1/NAND0/c_INST_0/O to disable the timing loop
Related violations: <none>

TIMING-23#106 Warning
Combinational loop found  
A timing loop has been detected on a combinational path. A timing arc has been disabled between design_1_i/ro_puf_0/inst/ro_blocks[57].ro2/NAND0/c_INST_0/I0 and design_1_i/ro_puf_0/inst/ro_blocks[57].ro2/NAND0/c_INST_0/O to disable the timing loop
Related violations: <none>

TIMING-23#107 Warning
Combinational loop found  
A timing loop has been detected on a combinational path. A timing arc has been disabled between design_1_i/ro_puf_0/inst/ro_blocks[58].ro1/NAND0/c_INST_0/I0 and design_1_i/ro_puf_0/inst/ro_blocks[58].ro1/NAND0/c_INST_0/O to disable the timing loop
Related violations: <none>

TIMING-23#108 Warning
Combinational loop found  
A timing loop has been detected on a combinational path. A timing arc has been disabled between design_1_i/ro_puf_0/inst/ro_blocks[58].ro2/NAND0/c_INST_0/I0 and design_1_i/ro_puf_0/inst/ro_blocks[58].ro2/NAND0/c_INST_0/O to disable the timing loop
Related violations: <none>

TIMING-23#109 Warning
Combinational loop found  
A timing loop has been detected on a combinational path. A timing arc has been disabled between design_1_i/ro_puf_0/inst/ro_blocks[59].ro1/NAND0/c_INST_0/I0 and design_1_i/ro_puf_0/inst/ro_blocks[59].ro1/NAND0/c_INST_0/O to disable the timing loop
Related violations: <none>

TIMING-23#110 Warning
Combinational loop found  
A timing loop has been detected on a combinational path. A timing arc has been disabled between design_1_i/ro_puf_0/inst/ro_blocks[59].ro2/NAND0/c_INST_0/I0 and design_1_i/ro_puf_0/inst/ro_blocks[59].ro2/NAND0/c_INST_0/O to disable the timing loop
Related violations: <none>

TIMING-23#111 Warning
Combinational loop found  
A timing loop has been detected on a combinational path. A timing arc has been disabled between design_1_i/ro_puf_0/inst/ro_blocks[5].ro1/NAND0/c_INST_0/I0 and design_1_i/ro_puf_0/inst/ro_blocks[5].ro1/NAND0/c_INST_0/O to disable the timing loop
Related violations: <none>

TIMING-23#112 Warning
Combinational loop found  
A timing loop has been detected on a combinational path. A timing arc has been disabled between design_1_i/ro_puf_0/inst/ro_blocks[5].ro2/NAND0/c_INST_0/I0 and design_1_i/ro_puf_0/inst/ro_blocks[5].ro2/NAND0/c_INST_0/O to disable the timing loop
Related violations: <none>

TIMING-23#113 Warning
Combinational loop found  
A timing loop has been detected on a combinational path. A timing arc has been disabled between design_1_i/ro_puf_0/inst/ro_blocks[60].ro1/NAND0/c_INST_0/I0 and design_1_i/ro_puf_0/inst/ro_blocks[60].ro1/NAND0/c_INST_0/O to disable the timing loop
Related violations: <none>

TIMING-23#114 Warning
Combinational loop found  
A timing loop has been detected on a combinational path. A timing arc has been disabled between design_1_i/ro_puf_0/inst/ro_blocks[60].ro2/NAND0/c_INST_0/I0 and design_1_i/ro_puf_0/inst/ro_blocks[60].ro2/NAND0/c_INST_0/O to disable the timing loop
Related violations: <none>

TIMING-23#115 Warning
Combinational loop found  
A timing loop has been detected on a combinational path. A timing arc has been disabled between design_1_i/ro_puf_0/inst/ro_blocks[61].ro1/NAND0/c_INST_0/I0 and design_1_i/ro_puf_0/inst/ro_blocks[61].ro1/NAND0/c_INST_0/O to disable the timing loop
Related violations: <none>

TIMING-23#116 Warning
Combinational loop found  
A timing loop has been detected on a combinational path. A timing arc has been disabled between design_1_i/ro_puf_0/inst/ro_blocks[61].ro2/NAND0/c_INST_0/I0 and design_1_i/ro_puf_0/inst/ro_blocks[61].ro2/NAND0/c_INST_0/O to disable the timing loop
Related violations: <none>

TIMING-23#117 Warning
Combinational loop found  
A timing loop has been detected on a combinational path. A timing arc has been disabled between design_1_i/ro_puf_0/inst/ro_blocks[62].ro1/NAND0/c_INST_0/I0 and design_1_i/ro_puf_0/inst/ro_blocks[62].ro1/NAND0/c_INST_0/O to disable the timing loop
Related violations: <none>

TIMING-23#118 Warning
Combinational loop found  
A timing loop has been detected on a combinational path. A timing arc has been disabled between design_1_i/ro_puf_0/inst/ro_blocks[62].ro2/NAND0/c_INST_0/I0 and design_1_i/ro_puf_0/inst/ro_blocks[62].ro2/NAND0/c_INST_0/O to disable the timing loop
Related violations: <none>

TIMING-23#119 Warning
Combinational loop found  
A timing loop has been detected on a combinational path. A timing arc has been disabled between design_1_i/ro_puf_0/inst/ro_blocks[63].ro1/NAND0/c_INST_0/I0 and design_1_i/ro_puf_0/inst/ro_blocks[63].ro1/NAND0/c_INST_0/O to disable the timing loop
Related violations: <none>

TIMING-23#120 Warning
Combinational loop found  
A timing loop has been detected on a combinational path. A timing arc has been disabled between design_1_i/ro_puf_0/inst/ro_blocks[63].ro2/NAND0/c_INST_0/I0 and design_1_i/ro_puf_0/inst/ro_blocks[63].ro2/NAND0/c_INST_0/O to disable the timing loop
Related violations: <none>

TIMING-23#121 Warning
Combinational loop found  
A timing loop has been detected on a combinational path. A timing arc has been disabled between design_1_i/ro_puf_0/inst/ro_blocks[6].ro1/NAND0/c_INST_0/I0 and design_1_i/ro_puf_0/inst/ro_blocks[6].ro1/NAND0/c_INST_0/O to disable the timing loop
Related violations: <none>

TIMING-23#122 Warning
Combinational loop found  
A timing loop has been detected on a combinational path. A timing arc has been disabled between design_1_i/ro_puf_0/inst/ro_blocks[6].ro2/NAND0/c_INST_0/I0 and design_1_i/ro_puf_0/inst/ro_blocks[6].ro2/NAND0/c_INST_0/O to disable the timing loop
Related violations: <none>

TIMING-23#123 Warning
Combinational loop found  
A timing loop has been detected on a combinational path. A timing arc has been disabled between design_1_i/ro_puf_0/inst/ro_blocks[7].ro1/NAND0/c_INST_0/I0 and design_1_i/ro_puf_0/inst/ro_blocks[7].ro1/NAND0/c_INST_0/O to disable the timing loop
Related violations: <none>

TIMING-23#124 Warning
Combinational loop found  
A timing loop has been detected on a combinational path. A timing arc has been disabled between design_1_i/ro_puf_0/inst/ro_blocks[7].ro2/NAND0/c_INST_0/I0 and design_1_i/ro_puf_0/inst/ro_blocks[7].ro2/NAND0/c_INST_0/O to disable the timing loop
Related violations: <none>

TIMING-23#125 Warning
Combinational loop found  
A timing loop has been detected on a combinational path. A timing arc has been disabled between design_1_i/ro_puf_0/inst/ro_blocks[8].ro1/NAND0/c_INST_0/I0 and design_1_i/ro_puf_0/inst/ro_blocks[8].ro1/NAND0/c_INST_0/O to disable the timing loop
Related violations: <none>

TIMING-23#126 Warning
Combinational loop found  
A timing loop has been detected on a combinational path. A timing arc has been disabled between design_1_i/ro_puf_0/inst/ro_blocks[8].ro2/NAND0/c_INST_0/I0 and design_1_i/ro_puf_0/inst/ro_blocks[8].ro2/NAND0/c_INST_0/O to disable the timing loop
Related violations: <none>

TIMING-23#127 Warning
Combinational loop found  
A timing loop has been detected on a combinational path. A timing arc has been disabled between design_1_i/ro_puf_0/inst/ro_blocks[9].ro1/NAND0/c_INST_0/I0 and design_1_i/ro_puf_0/inst/ro_blocks[9].ro1/NAND0/c_INST_0/O to disable the timing loop
Related violations: <none>

TIMING-23#128 Warning
Combinational loop found  
A timing loop has been detected on a combinational path. A timing arc has been disabled between design_1_i/ro_puf_0/inst/ro_blocks[9].ro2/NAND0/c_INST_0/I0 and design_1_i/ro_puf_0/inst/ro_blocks[9].ro2/NAND0/c_INST_0/O to disable the timing loop
Related violations: <none>


